-10	fn_win_race__return0
-10	fn_win_race__timelimit
-9	fn_win_race__bestdist
-8	fn_win_race__windist
-7	fn_win_race__bsquared
-6	fn_read_numbers__buffer
-6	fn_read_numbers__return0
-6	fn_win_race__fourac
-5	fn_int_to_bits_core__buf_ptr
-5	fn_int_to_bits_core__return0
-5	fn_read_numbers__endbuffer
-5	fn_shr_impl__n
-5	fn_shr_impl__return0
-5	fn_win_race__sqrtval
-4	fn_execute_cpu__output_callback
-4	fn_execute_cpu__return0
-4	fn_int_to_bits_core__num
-4	fn_print_next_decimal_digit__n
-4	fn_print_next_decimal_digit__return0
-4	fn_read_numbers__accum
-4	fn_shr_impl__mask
-4	fn_shr_impl__return1
-4	fn_win_race__mintime
-3	fn_bits_to_int__buf_ptr
-3	fn_bits_to_int__return0
-3	fn_execute_cpu__opcode
-3	fn_int_to_bits_core__pow2
-3	fn_isqrt__n
-3	fn_isqrt__return0
-3	fn_print_next_decimal_digit__mask
-3	fn_read_numbers__numcount
-3	fn_shr_impl__ret1
-3	fn_shr_impl__return2
-3	fn_win_race__sailtime
-2	fn_bits_to_int__buf_len
-2	fn_execute_cpu__operand
-2	fn_int_to_bits_core__buf_size
-2	fn_isqrt__tmp
-2	fn_print_next_decimal_digit__dig
-2	fn_read_numbers__digcount
-2	fn_shr_impl__ret2
-2	fn_win_race__dist
-1	fn_bits_to_int__bitval
-1	fn_execute_cpu__tmp1
-1	fn_int_to_bits_core__bits_written
-1	fn_isqrt__ans
-1	fn_lshr__n
-1	fn_lshr__return0
-1	fn_part1_output__return0
-1	fn_part1_output__value
-1	fn_print_decimal__n
-1	fn_print_next_decimal_digit__negmask
-1	fn_read_numbers__intmp
-1	fn_shr_impl__ret3
-1	fn_win_race__maxtime
1	part2
2	loose_parser
3	dummy
13	after_reading_registers
13	read_program_input_loop
20	condresult1
27	condresult2
35	reread_comma
42	condresult3
49	condresult4
56	condresult5
63	condresult6
68	end_program_input_loop
89	retaddr7
108	retaddr8
127	retaddr9
146	retaddr10
163	retaddr11
180	retaddr12
193	retaddr13
199	print_registers_and_terminate
202	prat_regname
208	prat_ptr_ref
212	prat_len_ref
222	retaddr14
229	retaddr15
248	prat_regs_left
251	part1_output
254	fn_part1_output__part1_comma
258	fn_part1_output__no_comma
277	execute_cpu
283	fn_execute_cpu__execute_next_instruction
292	fn_execute_cpu__condresult16
299	fn_execute_cpu__instr_ptr1
311	fn_execute_cpu__instr_ptr2
323	fn_execute_cpu__condresult17
330	fn_execute_cpu__condresult18
337	fn_execute_cpu__condresult19
344	fn_execute_cpu__condresult20
351	fn_execute_cpu__condresult21
370	fn_execute_cpu__reg_bits_ptr
374	fn_execute_cpu__reg_len_ptr
384	fn_execute_cpu__retaddr22
391	fn_execute_cpu__disptable
399	fn_execute_cpu__operand_is_literal
405	fn_execute_cpu__jump_address
406	fn_execute_cpu__adv
411	fn_execute_cpu__condresult23
417	fn_execute_cpu__adv_no_truncate
439	fn_execute_cpu__bdv
442	fn_execute_cpu__cdv
445	fn_execute_cpu__xdv
446	fn_execute_cpu__bst
447	fn_execute_cpu__bxc
448	fn_execute_cpu__bxl
449	fn_execute_cpu__jnz
450	fn_execute_cpu__out
456	fn_execute_cpu__adv_executed
458	fn_execute_cpu__halt
478	retaddr24
483	condresult25
485	solve_loop
486	timeptr
490	distptr
500	retaddr26
530	retaddr27
533	win_race
556	fn_win_race__condresult28
565	fn_win_race__retaddr29
580	fn_win_race__retaddr30
584	fn_win_race__guess_and_check_min
590	fn_win_race__negmintime
601	fn_win_race__not_first_winner
610	fn_win_race__found_mintime
614	fn_win_race__guess_and_check_max
620	fn_win_race__negmaxtime
631	fn_win_race__not_max_winner
640	fn_win_race__found_maxtime
653	reg_str_match
662	input_reglet
666	program_str_match
675	program_str_end
676	rr_nextchar
677	rr_intmp
678	rr_regval
679	read_registers
679	rr_read_next_register
691	rr_str_match_next_char
692	rr_readfrom
705	condresult31
714	rr_str_match_complete
719	condresult32
720	read_registers_retaddr
721	rr_read_regval
728	condresult33
735	condresult34
742	condresult35
749	condresult36
770	rr_regval_eol
771	rr_regval_nonempty
776	rr_regdst
790	condresult37
792	rr_read_blank_line
799	condresult38
806	condresult39
815	read_numbers
829	fn_read_numbers__next_number
837	fn_read_numbers__seek_digit
844	fn_read_numbers__condresult40
851	fn_read_numbers__condresult41
858	fn_read_numbers__condresult42
860	fn_read_numbers__nondigit
869	fn_read_numbers__eol
874	fn_read_numbers__line_not_blank
883	fn_read_numbers__number_finished
888	fn_read_numbers__condresult43
893	fn_read_numbers__outdest
904	fn_read_numbers__continue_target
905	fn_read_numbers__process_digit
926	fn_read_numbers__accum_overflowcheck
930	fn_read_numbers__condresult44
935	fn_read_numbers__finis
944	isqrt
951	fn_isqrt__condresult45
964	fn_isqrt__retaddr46
971	fn_isqrt__retaddr47
978	fn_isqrt__retaddr48
1000	fn_isqrt__undo
1002	fn_isqrt__exitfun
1007	lshr
1014	fn_lshr__condresult49
1023	fn_lshr__no_shortcuts
1038	fn_lshr__retaddr50
1042	fn_lshr__exitfun
1047	shr_impl
1061	fn_shr_impl__condresult51
1078	fn_shr_impl__keep_recursing
1089	fn_shr_impl__end_recursion
1089	fn_shr_impl__retaddr52
1096	fn_shr_impl__nextbit_not_set
1113	fn_shr_impl__mask_remover
1115	fn_shr_impl__bit_is_not_set
1136	print_decimal
1156	fn_print_decimal__retaddr53
1159	fn_print_decimal__print_zero
1161	fn_print_decimal__exitfun
1166	print_next_decimal_digit
1177	fn_print_next_decimal_digit__condresult54
1190	fn_print_next_decimal_digit__retaddr55
1202	fn_print_next_decimal_digit__compute_digit
1207	fn_print_next_decimal_digit__condresult56
1220	fn_print_next_decimal_digit__done_compute_digit
1222	fn_print_next_decimal_digit__exitfn
1231	int_to_bits
1242	int_to_bits_core
1253	fn_int_to_bits_core__condresult57
1263	fn_int_to_bits_core__condresult58
1288	fn_int_to_bits_core__retaddr59
1296	fn_int_to_bits_core__no_higher_bits
1305	fn_int_to_bits_core__inverted_bit
1307	fn_int_to_bits_core__write_ptr
1321	fn_int_to_bits_core__subtract_mask
1323	fn_int_to_bits_core__done
1332	bits_to_int
1349	fn_bits_to_int__next_bit
1350	fn_bits_to_int__read_ptr
1355	fn_bits_to_int__read_bitval
1372	fn_bits_to_int__done
1377	errmsg_ptr
1378	strlen
1379	tmpchar
1380	die_with_message
1385	read_strlen
1392	message_print_loop
1393	errmsg_reader
1410	overflow_detected
1417	too_many_races_detected
1424	time_dist_mismatch_detected
1431	unsolvable_input
1438	internal_error
1445	input_parse_error
1452	invalid_opcode_or_operand
1459	infinite_loop_detected
1466	str_overflow_detected
1493	str_too_many_races
1515	str_time_dist_mismatch
1567	str_unsolvable_input
1594	str_internal_error
1610	str_input_parse_error
1629	str_invalid_opcode_or_operand
1662	str_infinite_loop_detected
1686	race_count
1687	answer_accum
1688	times
1698	dists
1708	dists_end
1719	max_reg_size
1720	rega_integer
1721	regb_integer
1722	regc_integer
1723	reg_a_ptr
1724	reg_a_len
1725	reg_b_ptr
1726	reg_b_len
1727	reg_c_ptr
1728	reg_c_len
1729	reg_d_ptr
1730	reg_d_len
1731	reg_b_isalias
1732	reg_b_start
1733	reg_d_start
1734	regbuf_a
1774	regbuf_c
1814	regbuf_b1
1854	regbuf_b2
1894	pc
1895	program_length
1896	auto__end
1896	program_code

