-7	fn_read_numbers__buffer
-7	fn_read_numbers__return0
-7	fn_solve_part2_core__left_to_match
-7	fn_solve_part2_core__return0
-6	fn_read_numbers__endbuffer
-6	fn_solve_part2_core__match_ptr
-5	fn_int_to_bits_core__buf_ptr
-5	fn_int_to_bits_core__return0
-5	fn_read_numbers__part2
-5	fn_shr_impl__n
-5	fn_shr_impl__return0
-5	fn_solve_part2_core__a_ptr
-4	fn_int_to_bits_core__num
-4	fn_print_next_decimal_digit__n
-4	fn_print_next_decimal_digit__return0
-4	fn_read_numbers__accum
-4	fn_shr_impl__mask
-4	fn_shr_impl__return1
-4	fn_solve_part2_core__a_len
-3	fn_bits_to_int__buf_ptr
-3	fn_bits_to_int__return0
-3	fn_execute_cpu__output_callback
-3	fn_execute_cpu__return0
-3	fn_int_to_bits_core__pow2
-3	fn_isqrt__n
-3	fn_isqrt__return0
-3	fn_print_next_decimal_digit__mask
-3	fn_read_numbers__numcount
-3	fn_shr_impl__ret1
-3	fn_shr_impl__return2
-3	fn_solve_part2_core__nyb
-2	fn_bits_to_int__buf_len
-2	fn_execute_cpu__opcode
-2	fn_int_to_bits_core__buf_size
-2	fn_isqrt__tmp
-2	fn_print_next_decimal_digit__dig
-2	fn_read_numbers__digcount
-2	fn_shr_impl__ret2
-2	fn_solve_part2_core__bitcount
-2	fn_xor_b_and_d__ans_bitlength
-1	fn_bits_to_int__bitval
-1	fn_execute_cpu__operand
-1	fn_int_to_bits_core__bits_written
-1	fn_isqrt__ans
-1	fn_lshr__n
-1	fn_lshr__return0
-1	fn_part1_output__return0
-1	fn_part1_output__value
-1	fn_part2_output__return0
-1	fn_part2_output__value
-1	fn_print_decimal__n
-1	fn_print_next_decimal_digit__negmask
-1	fn_read_numbers__intmp
-1	fn_shr_impl__ret3
-1	fn_solve_part2_core__old_len
-1	fn_swap_b_and_d__tmp
-1	fn_xor_b_and_d__bits_read
0	fn_solve_part2__return0
1	debug_mode
2	loose_parser
3	dummy
13	after_reading_registers
13	read_program_input_loop
20	condresult1
27	condresult2
30	program_byte
39	reread_comma
46	condresult3
53	condresult4
60	condresult5
67	condresult6
72	end_program_input_loop
93	retaddr7
112	retaddr8
131	retaddr9
140	condresult10
157	retaddr11
174	retaddr12
191	retaddr13
193	no_reg_parse_debug
204	retaddr14
216	retaddr15
226	retaddr16
227	solve_part2
256	fn_solve_part2__retaddr17
265	solve_part2_core
282	fn_solve_part2_core__next_nyb
297	fn_solve_part2_core__retaddr18
309	fn_solve_part2_core__condresult19
315	fn_solve_part2_core__pad_bits
318	fn_solve_part2_core__pad_write_ptr
332	fn_solve_part2_core__condresult20
334	fn_solve_part2_core__no_padding
373	fn_solve_part2_core__retaddr21
394	fn_solve_part2_core__retaddr22
397	fn_solve_part2_core__recurse
420	fn_solve_part2_core__retaddr23
423	fn_solve_part2_core__failed
436	fn_solve_part2_core__condresult24
445	fn_solve_part2_core__solution_found
449	fn_solve_part2_core__bail
454	part2_output
466	fn_part2_output__program_read_ptr
473	print_registers_and_terminate
474	prat_regname
480	prat_ptr_ref
484	prat_len_ref
494	retaddr25
501	retaddr26
520	prat_regs_left
523	part1_output
526	fn_part1_output__part1_comma
530	fn_part1_output__no_comma
549	dealias_b
566	fn_dealias_b__copy_loop
567	fn_dealias_b__copy_src
569	fn_dealias_b__copy_dst
583	fn_dealias_b__copy_count
593	fn_dealias_b__nothing_to_do
598	copy_c_to_d
616	fn_copy_c_to_d__copy_loop
617	fn_copy_c_to_d__copy_src
619	fn_copy_c_to_d__copy_dst
633	fn_copy_c_to_d__copy_count
644	swap_b_and_d
653	fn_swap_b_and_d__retaddr27
658	fn_swap_b_and_d__condresult28
696	fn_swap_b_and_d__bail
701	xor_b_and_d
710	fn_xor_b_and_d__retaddr29
741	fn_xor_b_and_d__xor_loop
742	fn_xor_b_and_d__b_read_ptr
743	fn_xor_b_and_d__d_read_ptr
746	fn_xor_b_and_d__bits_equal
748	fn_xor_b_and_d__b_write_ptr
772	fn_xor_b_and_d__wrote_0
777	fn_xor_b_and_d__bits_left
780	fn_xor_b_and_d__unequal_length
786	fn_xor_b_and_d__no_truncate
791	execute_cpu
805	fn_execute_cpu__execute_next_instruction
810	fn_execute_cpu__watchdog
817	fn_execute_cpu__condresult30
824	fn_execute_cpu__instr_ptr1
836	fn_execute_cpu__instr_ptr2
848	fn_execute_cpu__condresult31
855	fn_execute_cpu__condresult32
862	fn_execute_cpu__condresult33
869	fn_execute_cpu__condresult34
876	fn_execute_cpu__condresult35
887	fn_execute_cpu__condresult36
902	fn_execute_cpu__reg_bits_ptr
906	fn_execute_cpu__reg_len_ptr
914	fn_execute_cpu__condresult37
925	fn_execute_cpu__nct_is_bst
926	fn_execute_cpu__nct_is_out
929	fn_execute_cpu__nct_is_bst_or_out
935	fn_execute_cpu__no_combo_truncate
942	fn_execute_cpu__retaddr38
949	fn_execute_cpu__disptable
957	fn_execute_cpu__operand_is_literal
963	fn_execute_cpu__jump_address
964	fn_execute_cpu__adv
969	fn_execute_cpu__condresult39
975	fn_execute_cpu__adv_no_truncate
997	fn_execute_cpu__bdv
1002	fn_execute_cpu__condresult40
1008	fn_execute_cpu__bdv_no_truncate
1027	fn_execute_cpu__cdv
1032	fn_execute_cpu__condresult41
1038	fn_execute_cpu__cdv_no_truncate
1053	fn_execute_cpu__out
1064	fn_execute_cpu__retaddr42
1074	fn_execute_cpu__jnz
1082	fn_execute_cpu__jnz_jmpfrom
1086	fn_execute_cpu__condresult43
1089	fn_execute_cpu__adv_executed
1095	fn_execute_cpu__jnz_jump
1102	fn_execute_cpu__bst_reg_disptable
1105	fn_execute_cpu__bst_from_reg
1111	fn_execute_cpu__bfr_jump_address
1112	fn_execute_cpu__bst_from_a
1127	fn_execute_cpu__bst_from_c
1142	fn_execute_cpu__bst_from_b
1147	fn_execute_cpu__condresult44
1156	fn_execute_cpu__bst
1188	fn_execute_cpu__low_bit
1190	fn_execute_cpu__low_bit_write
1196	fn_execute_cpu__condresult45
1205	fn_execute_cpu__high_bit_addr
1209	fn_execute_cpu__bxl
1216	fn_execute_cpu__retaddr46
1235	fn_execute_cpu__retaddr47
1246	fn_execute_cpu__bxc
1253	fn_execute_cpu__retaddr48
1260	fn_execute_cpu__normal_halt
1260	fn_execute_cpu__retaddr49
1264	fn_execute_cpu__abort_halt
1269	reg_str_match
1278	input_reglet
1282	program_str_match
1291	program_str_end
1292	rr_nextchar
1293	rr_intmp
1294	rr_regval
1295	read_registers
1295	rr_read_next_register
1307	rr_str_match_next_char
1308	rr_readfrom
1321	condresult50
1330	rr_str_match_complete
1335	condresult51
1336	read_registers_retaddr
1337	rr_read_regval
1344	condresult52
1351	condresult53
1358	condresult54
1365	condresult55
1386	rr_regval_eol
1387	rr_regval_nonempty
1392	rr_regdst
1406	condresult56
1408	rr_read_blank_line
1415	condresult57
1422	condresult58
1432	read_numbers
1446	fn_read_numbers__next_number
1454	fn_read_numbers__seek_digit
1461	fn_read_numbers__condresult59
1468	fn_read_numbers__condresult60
1475	fn_read_numbers__condresult61
1477	fn_read_numbers__nondigit
1486	fn_read_numbers__eol
1491	fn_read_numbers__line_not_blank
1500	fn_read_numbers__number_finished
1505	fn_read_numbers__condresult62
1510	fn_read_numbers__outdest
1521	fn_read_numbers__continue_target
1522	fn_read_numbers__process_digit
1543	fn_read_numbers__accum_overflowcheck
1547	fn_read_numbers__condresult63
1552	fn_read_numbers__finis
1561	isqrt
1568	fn_isqrt__condresult64
1581	fn_isqrt__retaddr65
1588	fn_isqrt__retaddr66
1595	fn_isqrt__retaddr67
1617	fn_isqrt__undo
1619	fn_isqrt__exitfun
1624	lshr
1631	fn_lshr__condresult68
1640	fn_lshr__no_shortcuts
1655	fn_lshr__retaddr69
1659	fn_lshr__exitfun
1664	shr_impl
1678	fn_shr_impl__condresult70
1695	fn_shr_impl__keep_recursing
1706	fn_shr_impl__end_recursion
1706	fn_shr_impl__retaddr71
1713	fn_shr_impl__nextbit_not_set
1730	fn_shr_impl__mask_remover
1732	fn_shr_impl__bit_is_not_set
1753	print_decimal
1773	fn_print_decimal__retaddr72
1776	fn_print_decimal__print_zero
1778	fn_print_decimal__exitfun
1783	print_next_decimal_digit
1794	fn_print_next_decimal_digit__condresult73
1807	fn_print_next_decimal_digit__retaddr74
1819	fn_print_next_decimal_digit__compute_digit
1824	fn_print_next_decimal_digit__condresult75
1837	fn_print_next_decimal_digit__done_compute_digit
1839	fn_print_next_decimal_digit__exitfn
1848	int_to_bits
1859	int_to_bits_core
1870	fn_int_to_bits_core__condresult76
1880	fn_int_to_bits_core__condresult77
1905	fn_int_to_bits_core__retaddr78
1913	fn_int_to_bits_core__no_higher_bits
1922	fn_int_to_bits_core__inverted_bit
1924	fn_int_to_bits_core__write_ptr
1938	fn_int_to_bits_core__subtract_mask
1940	fn_int_to_bits_core__done
1949	bits_to_int
1966	fn_bits_to_int__next_bit
1967	fn_bits_to_int__read_ptr
1972	fn_bits_to_int__read_bitval
1989	fn_bits_to_int__done
1994	errmsg_ptr
1995	strlen
1996	tmpchar
1997	die_with_message
2002	read_strlen
2009	message_print_loop
2010	errmsg_reader
2027	overflow_detected
2034	too_many_races_detected
2041	unsolvable_input
2048	internal_error
2055	input_parse_error
2062	invalid_opcode_or_operand
2069	infinite_loop_detected
2076	str_overflow_detected
2103	str_too_many_races
2125	str_unsolvable_input
2152	str_internal_error
2168	str_input_parse_error
2187	str_invalid_opcode_or_operand
2220	str_infinite_loop_detected
2246	max_reg_size
2247	rega_integer
2248	regb_integer
2249	regc_integer
2250	reg_a_ptr
2251	reg_a_len
2252	reg_b_ptr
2253	reg_b_len
2254	reg_c_ptr
2255	reg_c_len
2256	reg_d_ptr
2257	reg_d_len
2258	reg_b_isalias
2259	reg_b_start
2260	reg_d_start
2261	part2_solve_pointer
2262	regbuf_a
2302	regbuf_c
2342	regbuf_b1
2382	regbuf_b2
2422	pc
2423	program_length
2424	auto__end
2424	program_code

