-10	fn_win_race__return0
-10	fn_win_race__timelimit
-9	fn_win_race__bestdist
-8	fn_win_race__windist
-7	fn_win_race__bsquared
-6	fn_read_numbers__buffer
-6	fn_read_numbers__return0
-6	fn_win_race__fourac
-5	fn_int_to_bits_core__buf_ptr
-5	fn_int_to_bits_core__return0
-5	fn_read_numbers__endbuffer
-5	fn_shr_impl__n
-5	fn_shr_impl__return0
-5	fn_win_race__sqrtval
-4	fn_int_to_bits_core__num
-4	fn_print_next_decimal_digit__n
-4	fn_print_next_decimal_digit__return0
-4	fn_read_numbers__accum
-4	fn_shr_impl__mask
-4	fn_shr_impl__return1
-4	fn_win_race__mintime
-3	fn_bits_to_int__buf_ptr
-3	fn_bits_to_int__return0
-3	fn_int_to_bits_core__pow2
-3	fn_isqrt__n
-3	fn_isqrt__return0
-3	fn_print_next_decimal_digit__mask
-3	fn_read_numbers__numcount
-3	fn_shr_impl__ret1
-3	fn_shr_impl__return2
-3	fn_win_race__sailtime
-2	fn_bits_to_int__buf_len
-2	fn_execute_cpu__opcode
-2	fn_execute_cpu__return0
-2	fn_int_to_bits__buf_ptr
-2	fn_int_to_bits__return0
-2	fn_int_to_bits_core__buf_size
-2	fn_isqrt__tmp
-2	fn_print_next_decimal_digit__dig
-2	fn_read_numbers__digcount
-2	fn_shr_impl__ret2
-2	fn_win_race__dist
-1	fn_bits_to_int__bitval
-1	fn_execute_cpu__operand
-1	fn_int_to_bits__num
-1	fn_int_to_bits_core__bits_written
-1	fn_isqrt__ans
-1	fn_lshr__n
-1	fn_lshr__return0
-1	fn_part1_output__return0
-1	fn_part1_output__value
-1	fn_print_decimal__n
-1	fn_print_next_decimal_digit__negmask
-1	fn_read_numbers__intmp
-1	fn_shr_impl__ret3
-1	fn_win_race__maxtime
1	part2
2	loose_parser
3	dummy
13	after_reading_registers
13	read_program_input_loop
20	condresult1
27	condresult2
35	reread_comma
42	condresult3
49	condresult4
56	condresult5
63	condresult6
68	end_program_input_loop
89	retaddr7
108	retaddr8
127	retaddr9
146	retaddr10
163	retaddr11
180	retaddr12
189	retaddr13
192	part1_output
195	fn_part1_output__part1_comma
199	fn_part1_output__no_comma
218	execute_cpu
220	fn_execute_cpu__execute_next_instruction
229	fn_execute_cpu__condresult14
236	fn_execute_cpu__instr_ptr1
248	fn_execute_cpu__instr_ptr2
260	fn_execute_cpu__condresult15
267	fn_execute_cpu__condresult16
274	fn_execute_cpu__condresult17
281	fn_execute_cpu__condresult18
288	fn_execute_cpu__condresult19
307	fn_execute_cpu__reg_bits_ptr
311	fn_execute_cpu__reg_len_ptr
321	fn_execute_cpu__retaddr20
328	fn_execute_cpu__disptable
336	fn_execute_cpu__operand_is_literal
342	fn_execute_cpu__jump_address
343	fn_execute_cpu__adv
346	fn_execute_cpu__bdv
349	fn_execute_cpu__cdv
352	fn_execute_cpu__xdv
353	fn_execute_cpu__bst
354	fn_execute_cpu__bxc
355	fn_execute_cpu__bxl
356	fn_execute_cpu__jnz
357	fn_execute_cpu__out
361	fn_execute_cpu__halt
381	retaddr21
386	condresult22
388	solve_loop
389	timeptr
393	distptr
403	retaddr23
433	retaddr24
436	win_race
459	fn_win_race__condresult25
468	fn_win_race__retaddr26
483	fn_win_race__retaddr27
487	fn_win_race__guess_and_check_min
493	fn_win_race__negmintime
504	fn_win_race__not_first_winner
513	fn_win_race__found_mintime
517	fn_win_race__guess_and_check_max
523	fn_win_race__negmaxtime
534	fn_win_race__not_max_winner
543	fn_win_race__found_maxtime
556	reg_str_match
565	input_reglet
569	program_str_match
578	program_str_end
579	rr_nextchar
580	rr_intmp
581	rr_regval
582	read_registers
582	rr_read_next_register
594	rr_str_match_next_char
595	rr_readfrom
608	condresult28
617	rr_str_match_complete
622	condresult29
623	read_registers_retaddr
624	rr_read_regval
631	condresult30
638	condresult31
645	condresult32
652	condresult33
673	rr_regval_eol
674	rr_regval_nonempty
679	rr_regdst
693	condresult34
695	rr_read_blank_line
702	condresult35
709	condresult36
718	read_numbers
732	fn_read_numbers__next_number
740	fn_read_numbers__seek_digit
747	fn_read_numbers__condresult37
754	fn_read_numbers__condresult38
761	fn_read_numbers__condresult39
763	fn_read_numbers__nondigit
772	fn_read_numbers__eol
777	fn_read_numbers__line_not_blank
786	fn_read_numbers__number_finished
791	fn_read_numbers__condresult40
796	fn_read_numbers__outdest
807	fn_read_numbers__continue_target
808	fn_read_numbers__process_digit
829	fn_read_numbers__accum_overflowcheck
833	fn_read_numbers__condresult41
838	fn_read_numbers__finis
847	isqrt
854	fn_isqrt__condresult42
867	fn_isqrt__retaddr43
874	fn_isqrt__retaddr44
881	fn_isqrt__retaddr45
903	fn_isqrt__undo
905	fn_isqrt__exitfun
910	lshr
917	fn_lshr__condresult46
926	fn_lshr__no_shortcuts
941	fn_lshr__retaddr47
945	fn_lshr__exitfun
950	shr_impl
964	fn_shr_impl__condresult48
981	fn_shr_impl__keep_recursing
992	fn_shr_impl__end_recursion
992	fn_shr_impl__retaddr49
999	fn_shr_impl__nextbit_not_set
1016	fn_shr_impl__mask_remover
1018	fn_shr_impl__bit_is_not_set
1039	print_decimal
1059	fn_print_decimal__retaddr50
1062	fn_print_decimal__print_zero
1064	fn_print_decimal__exitfun
1069	print_next_decimal_digit
1080	fn_print_next_decimal_digit__condresult51
1093	fn_print_next_decimal_digit__retaddr52
1105	fn_print_next_decimal_digit__compute_digit
1110	fn_print_next_decimal_digit__condresult53
1123	fn_print_next_decimal_digit__done_compute_digit
1125	fn_print_next_decimal_digit__exitfn
1134	int_to_bits
1159	fn_int_to_bits__retaddr54
1168	int_to_bits_core
1179	fn_int_to_bits_core__condresult55
1189	fn_int_to_bits_core__condresult56
1214	fn_int_to_bits_core__retaddr57
1222	fn_int_to_bits_core__no_higher_bits
1231	fn_int_to_bits_core__inverted_bit
1233	fn_int_to_bits_core__write_ptr
1248	fn_int_to_bits_core__subtract_mask
1250	fn_int_to_bits_core__done
1259	bits_to_int
1276	fn_bits_to_int__next_bit
1277	fn_bits_to_int__read_ptr
1282	fn_bits_to_int__read_bitval
1299	fn_bits_to_int__done
1304	errmsg_ptr
1305	strlen
1306	tmpchar
1307	die_with_message
1312	read_strlen
1319	message_print_loop
1320	errmsg_reader
1337	overflow_detected
1344	too_many_races_detected
1351	time_dist_mismatch_detected
1358	unsolvable_input
1365	internal_error
1372	input_parse_error
1379	invalid_opcode_or_operand
1386	str_overflow_detected
1413	str_too_many_races
1435	str_time_dist_mismatch
1487	str_unsolvable_input
1514	str_internal_error
1530	str_input_parse_error
1549	str_invalid_opcode_or_operand
1582	race_count
1583	answer_accum
1584	times
1594	dists
1604	dists_end
1613	max_reg_size
1614	rega_integer
1615	regb_integer
1616	regc_integer
1617	reg_a_ptr
1618	reg_a_len
1619	reg_b_ptr
1620	reg_b_len
1621	reg_c_ptr
1622	reg_c_len
1623	reg_d_ptr
1624	reg_d_len
1625	reg_b_start
1626	reg_d_start
1627	regbuf_a
1667	regbuf_c
1707	regbuf_b1
1747	regbuf_b2
1787	pc
1788	program_length
1789	auto__end
1789	program_code

